{
  "status": "EXECUTION_FAILURE",
  "record_directory": "/root/Legal Harness/records/runs/b9084997-9e25-4616-976d-241f14ba4901",
  "record_result_file": "/root/Legal Harness/records/runs/b9084997-9e25-4616-976d-241f14ba4901/result.json",
  "condition": "bm25-bge-factualbranch-01",
  "seed": 0,
  "question_id": "qa_19_1hop_28",
  "termination_reason": "INVALID_SKILL_OUTPUT",
  "abstention_reason": null,
  "run_id": "b9084997-9e25-4616-976d-241f14ba4901",
  "retrieval_rounds_used": 2,
  "accepted_provision_ids": [
    "상법 814조  운송인의 채권ㆍ채무의 소멸#KOBLEX-116392",
    "상법 902조  운송인 책임의 소멸#KOBLEX-116624"
  ],
  "errors": [
    "legal_issue_and_query_planning did not produce a valid GAP_QUERY_PLAN result after 2 attempts: query repeats query_history: 운송계약상 운송인의 지체이행으로 인한 손해배상청구권의 소멸시효 기간과 기산점을 명확히 규정한 조항을 확인한다. 법률 조문\n[원문 맥락]\n이에 따라 을은 상품이 인도된 날로부터 언제까지 소송을 제기할 수 있는지를 고민하게 되었다. 을은 갑에 대한 손해배상청구권을 어느 시점까지 행사할 수 있는가?"
  ],
  "answer": null
}
