{
  "status": "ABSTAIN",
  "record_directory": "/root/Legal Harness/records/runs/70daf5b3-6de9-448b-8272-70fa89ed1cf4",
  "record_result_file": "/root/Legal Harness/records/runs/70daf5b3-6de9-448b-8272-70fa89ed1cf4/result.json",
  "condition": "bm25-bge-pilot-02",
  "seed": 0,
  "question_id": "qa_139_1hop_254",
  "termination_reason": "MAX_RETRIEVAL_ROUNDS_REACHED",
  "abstention_reason": "INSUFFICIENT_CRITICAL_EVIDENCE",
  "run_id": "70daf5b3-6de9-448b-8272-70fa89ed1cf4",
  "retrieval_rounds_used": 3,
  "accepted_provision_ids": [
    "공직선거법 15조  선거권#KOBLEX-051166",
    "공직선거법 15조  선거권#KOBLEX-174452",
    "공직선거법 6조 3 감염병환자 등의 선거권 보장#KOBLEX-051045",
    "공직선거법 6조 3 감염병환자 등의 선거권 보장#KOBLEX-174331"
  ],
  "errors": [],
  "answer": null
}
