{
  "status": "EXECUTION_FAILURE",
  "record_directory": "/root/Legal Harness/records/runs/85c744b4-f3d9-43e7-b208-697ce874caa4",
  "record_result_file": "/root/Legal Harness/records/runs/85c744b4-f3d9-43e7-b208-697ce874caa4/result.json",
  "condition": "bm25-bge-factualbranch-01",
  "seed": 0,
  "question_id": "qa_19_1hop_28",
  "termination_reason": "INVALID_SKILL_OUTPUT",
  "abstention_reason": null,
  "run_id": "85c744b4-f3d9-43e7-b208-697ce874caa4",
  "retrieval_rounds_used": 3,
  "accepted_provision_ids": [
    "상법 814조  운송인의 채권ㆍ채무의 소멸#KOBLEX-116392",
    "상법 902조  운송인 책임의 소멸#KOBLEX-116624"
  ],
  "errors": [
    "grounded_legal_answer_generation did not produce a valid GENERATE_ANSWER result after 2 attempts: S3 must cite every claim for the harness citation check"
  ],
  "answer": null
}
