{
  "status": "ABSTAIN",
  "record_directory": "/root/Legal Harness/records/runs/7f9c4c47-6fd5-4a07-b178-3a42697f1050",
  "record_result_file": "/root/Legal Harness/records/runs/7f9c4c47-6fd5-4a07-b178-3a42697f1050/result.json",
  "condition": "bm25-bge-pilot-02",
  "seed": 0,
  "question_id": "qa_180_2hop_689_rand",
  "termination_reason": "MAX_RETRIEVAL_ROUNDS_REACHED",
  "abstention_reason": "INSUFFICIENT_CRITICAL_EVIDENCE",
  "run_id": "7f9c4c47-6fd5-4a07-b178-3a42697f1050",
  "retrieval_rounds_used": 3,
  "accepted_provision_ids": [
    "소득세법 시행령 16조  국외근로자의 비과세급여의 범위#KOBLEX-141058",
    "조세특례제한법 91조 24 과세특례 대상 저축 등의 소득기준 적용에 대한 특례#KOBLEX-099769",
    "조세특례제한법 91조 24 과세특례 대상 저축 등의 소득기준 적용에 대한 특례#KOBLEX-151750",
    "조세특례제한법 시행규칙 43조  과세특례 대상 저축 등의 소득기준 적용에 대한 특례#KOBLEX-146329"
  ],
  "errors": [],
  "answer": null
}
