{
  "status": "EXECUTION_FAILURE",
  "record_directory": "/root/Legal Harness/records/runs/0d7b6839-9825-444b-b4b7-45ea0a3eb361",
  "record_result_file": "/root/Legal Harness/records/runs/0d7b6839-9825-444b-b4b7-45ea0a3eb361/result.json",
  "condition": "bm25-bge-pilot-02",
  "seed": 0,
  "question_id": "qa_290_2hop_453",
  "termination_reason": "INVALID_SKILL_OUTPUT",
  "abstention_reason": null,
  "run_id": "0d7b6839-9825-444b-b4b7-45ea0a3eb361",
  "retrieval_rounds_used": 2,
  "accepted_provision_ids": [
    "도시 및 주거환경정비법 101조 8 정비구역 지정의 특례#KOBLEX-148552",
    "도시 및 주거환경정비법 27조  재개발사업ㆍ재건축사업의 지정개발자#KOBLEX-148094",
    "도시 및 주거환경정비법 48조  토지등소유자 전체회의#KOBLEX-148232",
    "도시 및 주거환경정비법 시행규칙 4조  정비구역의 지정 등의 보고#KOBLEX-139022"
  ],
  "errors": [
    "provision_coverage_assessment did not produce a valid ASSESS_COVERAGE result after 2 attempts: duplicate evidence_item_id: E2"
  ],
  "answer": null
}
