{
  "status": "ANSWER",
  "record_directory": "/root/Legal Harness/records/runs/6ccf9df7-8504-44b6-86eb-411c510dc829",
  "record_result_file": "/root/Legal Harness/records/runs/6ccf9df7-8504-44b6-86eb-411c510dc829/result.json",
  "condition": "bm25-bge-factualbranch-01",
  "seed": 0,
  "question_id": "qa_19_1hop_28",
  "termination_reason": "COMPLETED",
  "abstention_reason": null,
  "run_id": "6ccf9df7-8504-44b6-86eb-411c510dc829",
  "retrieval_rounds_used": 3,
  "accepted_provision_ids": [
    "상법 814조  운송인의 채권ㆍ채무의 소멸#KOBLEX-116392",
    "상법 902조  운송인 책임의 소멸#KOBLEX-116624"
  ],
  "errors": [],
  "answer": "운송계약상 운송인의 지체이행으로 인한 손해배상청구권의 소멸시효는 운송수단에 따라 상법 814조 제1항 또는 상법 902조가 적용됩니다. 상법 814조 제1항에 따르면, 운송인의 채권 및 채무는 운송물이 수하인에게 인도된 날 또는 인도할 날부터 1년 이내에 재판상 청구가 없으면 소멸합니다[CT1]. 상법 902조에 따르면, 항공운송 등 특정 운송수단의 경우 운송인이 부담하는 책임은 운송물이 도착지에 도착한 날 등부터 2년 이내에 재판상 청구가 없으면 소멸합니다[CT2]. 본 사건에서 운송수단이 명시되지 않았으므로, 일반 운송계약에 해당하는지 항공운송 등 상법 902조가 적용되는 운송수단에 해당하는지에 따라 소멸시효 기간이 달라집니다. 따라서 을은 운송수단에 따라 운송물이 인도된 날 또는 인도할 날부터 1년 이내, 또는 도착일 등부터 2년 이내에 재판상 청구(소송 제기 등)를 하여야 합니다."
}

--- answer ---
운송계약상 운송인의 지체이행으로 인한 손해배상청구권의 소멸시효는 운송수단에 따라 상법 814조 제1항 또는 상법 902조가 적용됩니다. 상법 814조 제1항에 따르면, 운송인의 채권 및 채무는 운송물이 수하인에게 인도된 날 또는 인도할 날부터 1년 이내에 재판상 청구가 없으면 소멸합니다[CT1]. 상법 902조에 따르면, 항공운송 등 특정 운송수단의 경우 운송인이 부담하는 책임은 운송물이 도착지에 도착한 날 등부터 2년 이내에 재판상 청구가 없으면 소멸합니다[CT2]. 본 사건에서 운송수단이 명시되지 않았으므로, 일반 운송계약에 해당하는지 항공운송 등 상법 902조가 적용되는 운송수단에 해당하는지에 따라 소멸시효 기간이 달라집니다. 따라서 을은 운송수단에 따라 운송물이 인도된 날 또는 인도할 날부터 1년 이내, 또는 도착일 등부터 2년 이내에 재판상 청구(소송 제기 등)를 하여야 합니다.
