{
  "status": "ANSWER",
  "record_directory": "/root/Legal Harness/records/runs/0dd7bdae-5dbf-4191-a63d-89fdd6281573",
  "record_result_file": "/root/Legal Harness/records/runs/0dd7bdae-5dbf-4191-a63d-89fdd6281573/result.json",
  "condition": "bm25-bge-factualbranch-01",
  "seed": 0,
  "question_id": "qa_19_1hop_28",
  "termination_reason": "COMPLETED",
  "abstention_reason": null,
  "run_id": "0dd7bdae-5dbf-4191-a63d-89fdd6281573",
  "retrieval_rounds_used": 3,
  "accepted_provision_ids": [
    "민법 766조  손해배상청구권의 소멸시효#KOBLEX-059940",
    "상법 146조  운송인의 책임소멸#KOBLEX-113901",
    "상법 902조  운송인 책임의 소멸#KOBLEX-116624",
    "상법 919조  운송인의 채권의 시효#KOBLEX-116675"
  ],
  "errors": [],
  "answer": "운송계약상 운송인의 지체이행으로 인한 손해배상청구권의 소멸시효는 운송수단과 적용 법령에 따라 달라질 수 있습니다. 상법 제902조에 따르면, 운송인의 책임은 여객 또는 운송물이 도착지에 도착한 날, 항공기가 도착할 날 또는 운송이 중지된 날 가운데 가장 늦게 도래한 날부터 2년 이내에 재판상 청구가 없으면 소멸합니다[CT1]. 이는 항공운송 등 특정 운송수단에 관한 규정으로 해석될 수 있으나, 질문의 운송계약이 항공운송인지 여부가 불명확합니다. 따라서, 운송계약이 상법 제902조의 적용대상에 해당한다면, 을은 운송물이 도착한 날부터 2년 이내에 소송을 제기해야 합니다. 만약 해당 규정이 적용되지 않는다면, 일반 손해배상청구권에 관한 소멸시효 규정이 적용될 수 있으나, 이에 대한 명확한 규정은 현재 제공된 조항에서 확인되지 않습니다."
}

--- answer ---
운송계약상 운송인의 지체이행으로 인한 손해배상청구권의 소멸시효는 운송수단과 적용 법령에 따라 달라질 수 있습니다. 상법 제902조에 따르면, 운송인의 책임은 여객 또는 운송물이 도착지에 도착한 날, 항공기가 도착할 날 또는 운송이 중지된 날 가운데 가장 늦게 도래한 날부터 2년 이내에 재판상 청구가 없으면 소멸합니다[CT1]. 이는 항공운송 등 특정 운송수단에 관한 규정으로 해석될 수 있으나, 질문의 운송계약이 항공운송인지 여부가 불명확합니다. 따라서, 운송계약이 상법 제902조의 적용대상에 해당한다면, 을은 운송물이 도착한 날부터 2년 이내에 소송을 제기해야 합니다. 만약 해당 규정이 적용되지 않는다면, 일반 손해배상청구권에 관한 소멸시효 규정이 적용될 수 있으나, 이에 대한 명확한 규정은 현재 제공된 조항에서 확인되지 않습니다.
