{
  "status": "ANSWER",
  "record_directory": "/root/Legal Harness/records/runs/4d821361-af35-4b44-b4b1-57ecd1d4b093",
  "record_result_file": "/root/Legal Harness/records/runs/4d821361-af35-4b44-b4b1-57ecd1d4b093/result.json",
  "condition": "bm25-bge-factualbranch-01",
  "seed": 0,
  "question_id": "qa_139_1hop_254",
  "termination_reason": "COMPLETED",
  "abstention_reason": null,
  "run_id": "4d821361-af35-4b44-b4b1-57ecd1d4b093",
  "retrieval_rounds_used": 1,
  "accepted_provision_ids": [
    "공직선거법 18조  선거권이 없는 자#KOBLEX-051176",
    "공직선거법 18조  선거권이 없는 자#KOBLEX-174462"
  ],
  "errors": [],
  "answer": "갑은 선거일에 자신의 선거권을 행사할 수 없습니다. 공직선거법 제18조 제1항 제2호에 따라, 1년 이상의 징역 또는 금고의 형의 선고를 받고 그 집행이 종료되지 아니하거나 그 집행을 받지 아니하기로 확정되지 아니한 사람은 선거권이 없으며, 다만 형의 집행유예를 선고받고 유예기간 중에 있는 사람은 제외됩니다.[CT1] 갑은 2년 징역형을 선고받고 현재 수감 중이므로, 형의 집행이 종료되지 아니한 상태에 해당하여 선거권이 없습니다.[CT2]"
}

--- answer ---
갑은 선거일에 자신의 선거권을 행사할 수 없습니다. 공직선거법 제18조 제1항 제2호에 따라, 1년 이상의 징역 또는 금고의 형의 선고를 받고 그 집행이 종료되지 아니하거나 그 집행을 받지 아니하기로 확정되지 아니한 사람은 선거권이 없으며, 다만 형의 집행유예를 선고받고 유예기간 중에 있는 사람은 제외됩니다.[CT1] 갑은 2년 징역형을 선고받고 현재 수감 중이므로, 형의 집행이 종료되지 아니한 상태에 해당하여 선거권이 없습니다.[CT2]
