{
  "status": "ANSWER",
  "record_directory": "/root/Legal Harness/records/runs/27406a8d-0cfa-429a-a7cb-9bf934d0f3c6",
  "record_result_file": "/root/Legal Harness/records/runs/27406a8d-0cfa-429a-a7cb-9bf934d0f3c6/result.json",
  "condition": "bm25-bge-factualbranch-01",
  "seed": 0,
  "question_id": "qa_85_1hop_135",
  "termination_reason": "COMPLETED",
  "abstention_reason": null,
  "run_id": "27406a8d-0cfa-429a-a7cb-9bf934d0f3c6",
  "retrieval_rounds_used": 1,
  "accepted_provision_ids": [
    "공중위생관리법 11조 3 행정제재처분효과의 승계#KOBLEX-164338",
    "공중위생관리법 3조 2 공중위생영업의 승계#KOBLEX-164266",
    "공중위생관리법 3조 2 공중위생영업의 승계#KOBLEX-164269"
  ],
  "errors": [],
  "answer": "공중위생영업자가 그 공중위생영업을 양도하거나 사망한 때에는 그 양수인 또는 상속인은 공중위생영업자의 지위를 승계합니다[CT1]. 따라서 갑이 을에게 이발소를 양도한 후 갑이 사망한 경우, 을은 공중위생영업자의 지위를 승계할 수 있습니다. 다만, 지위를 승계한 을은 1개월 이내에 시장·군수 또는 구청장에게 신고하여야 합니다[CT2]. 또한, 갑에 대하여 행정제재처분이 행해진 경우 그 효과는 처분기간 만료일로부터 1년간 을에게 승계될 수 있습니다[CT3]."
}

--- answer ---
공중위생영업자가 그 공중위생영업을 양도하거나 사망한 때에는 그 양수인 또는 상속인은 공중위생영업자의 지위를 승계합니다[CT1]. 따라서 갑이 을에게 이발소를 양도한 후 갑이 사망한 경우, 을은 공중위생영업자의 지위를 승계할 수 있습니다. 다만, 지위를 승계한 을은 1개월 이내에 시장·군수 또는 구청장에게 신고하여야 합니다[CT2]. 또한, 갑에 대하여 행정제재처분이 행해진 경우 그 효과는 처분기간 만료일로부터 1년간 을에게 승계될 수 있습니다[CT3].
