{
  "status": "EXECUTION_FAILURE",
  "record_directory": "/root/Legal Harness/records/runs/f978bb62-bbda-42a9-bfb6-c867c6273786",
  "record_result_file": "/root/Legal Harness/records/runs/f978bb62-bbda-42a9-bfb6-c867c6273786/result.json",
  "condition": "bm25-bge-factualbranch-01",
  "seed": 0,
  "question_id": "qa_197_2hop_752_rand",
  "termination_reason": "INVALID_SKILL_OUTPUT",
  "abstention_reason": null,
  "run_id": "f978bb62-bbda-42a9-bfb6-c867c6273786",
  "retrieval_rounds_used": 3,
  "accepted_provision_ids": [
    "농어촌정비법 130조  벌칙#KOBLEX-025939",
    "농어촌정비법 15조 2 도서지역 등의 농어촌용수 실태조사 등#KOBLEX-025379",
    "농어촌정비법 52조  농어촌 생활환경 정비 원칙#KOBLEX-025540",
    "농어촌정비법 70조  조성용지의 전매행위 제한 등#KOBLEX-025677",
    "농어촌정비법 71조  기술지원 등#KOBLEX-025680"
  ],
  "errors": [
    "grounded_legal_answer_generation did not produce a valid GENERATE_ANSWER result after 2 attempts: answer is missing citation marker: CT1; answer is missing citation marker: CT2; answer is missing citation marker: CT3; answer is missing citation marker: CT4; answer is missing citation marker: CT5; answer is missing citation marker: CT6; answer is missing citation marker: CT7; claim text must be an exact substring of answer: C5; claim text must be an exact substring of answer: C6"
  ],
  "answer": null
}
