{
  "status": "EXECUTION_FAILURE",
  "record_directory": "/root/Legal Harness/records/runs/5cbeb18a-6ac4-4962-894d-9581726bf904",
  "record_result_file": "/root/Legal Harness/records/runs/5cbeb18a-6ac4-4962-894d-9581726bf904/result.json",
  "condition": "bm25-bge-factualbranch-01",
  "seed": 0,
  "question_id": "qa_211_2hop_804_rand",
  "termination_reason": "INVALID_SKILL_OUTPUT",
  "abstention_reason": null,
  "run_id": "5cbeb18a-6ac4-4962-894d-9581726bf904",
  "retrieval_rounds_used": 1,
  "accepted_provision_ids": [
    "대기환경보전법 60조  배출가스저감장치 및 공회전제한장치의 인증 등#KOBLEX-008843",
    "대기환경보전법 60조  배출가스저감장치 및 공회전제한장치의 인증 등#KOBLEX-008844"
  ],
  "errors": [
    "grounded_legal_answer_generation did not produce a valid GENERATE_ANSWER result after 2 attempts: answer is missing citation marker: CT3"
  ],
  "answer": null
}
