{
  "status": "ABSTAIN",
  "record_directory": "/root/Legal Harness/records/runs/f60dd514-45a6-4d40-8787-b3b2b6504000",
  "record_result_file": "/root/Legal Harness/records/runs/f60dd514-45a6-4d40-8787-b3b2b6504000/result.json",
  "condition": "bm25-bge-factualbranch-01",
  "seed": 0,
  "question_id": "qa_290_2hop_453",
  "termination_reason": "MAX_RETRIEVAL_ROUNDS_REACHED",
  "abstention_reason": "INSUFFICIENT_CRITICAL_EVIDENCE",
  "run_id": "f60dd514-45a6-4d40-8787-b3b2b6504000",
  "retrieval_rounds_used": 3,
  "accepted_provision_ids": [
    "도시 및 주거환경정비법 101조 8 정비구역 지정의 특례#KOBLEX-148552",
    "도시 및 주거환경정비법 101조 8 정비구역 지정의 특례#KOBLEX-229124",
    "도시 및 주거환경정비법 48조  토지등소유자 전체회의#KOBLEX-148232",
    "도시 및 주거환경정비법 48조  토지등소유자 전체회의#KOBLEX-228804",
    "도시 및 주거환경정비법 50조 3 정비계획 변경 및 사업시행인가의 심의 특례#KOBLEX-148255",
    "도시 및 주거환경정비법 50조 3 정비계획 변경 및 사업시행인가의 심의 특례#KOBLEX-228827",
    "도시 및 주거환경정비법 시행령 80조 4 정비구역 지정의 특례#KOBLEX-230173"
  ],
  "errors": [],
  "answer": null
}
