{
  "status": "ABSTAIN",
  "record_directory": "/root/Legal Harness/records/runs/663c53cc-006c-4d0b-a97c-1b56709ab761",
  "record_result_file": "/root/Legal Harness/records/runs/663c53cc-006c-4d0b-a97c-1b56709ab761/result.json",
  "condition": "bm25-bge-factualbranch-01",
  "seed": 0,
  "question_id": "qa_423_2hop_656",
  "termination_reason": "MAX_RETRIEVAL_ROUNDS_REACHED",
  "abstention_reason": "INSUFFICIENT_CRITICAL_EVIDENCE",
  "run_id": "663c53cc-006c-4d0b-a97c-1b56709ab761",
  "retrieval_rounds_used": 3,
  "accepted_provision_ids": [
    "민법 162조  채권, 재산권의 소멸시효#KOBLEX-058707",
    "신탁법 33조  충실의무#KOBLEX-107206",
    "신탁법 63조  수익채권의 소멸시효#KOBLEX-107308",
    "신탁법 63조  수익채권의 소멸시효#KOBLEX-107309",
    "자본시장과 금융투자업에 관한 법률 102조  선관의무 및 충실의무#KOBLEX-135353",
    "자본시장과 금융투자업에 관한 법률 112조  의결권 등#KOBLEX-135403"
  ],
  "errors": [],
  "answer": null
}
