{
  "status": "ANSWER",
  "record_directory": "/root/Legal Harness/records/runs/19c01a99-6e53-4ad8-b594-62c533057064",
  "record_result_file": "/root/Legal Harness/records/runs/19c01a99-6e53-4ad8-b594-62c533057064/result.json",
  "condition": "bm25-bge-factualbranch-01",
  "seed": 0,
  "question_id": "qa_430_2hop_668",
  "termination_reason": "COMPLETED",
  "abstention_reason": null,
  "run_id": "19c01a99-6e53-4ad8-b594-62c533057064",
  "retrieval_rounds_used": 1,
  "accepted_provision_ids": [
    "상법 682조  제3자에 대한 보험대위#KOBLEX-116014",
    "상법 724조  보험자와 제3자와의 관계#KOBLEX-116125",
    "상법 729조  제3자에 대한 보험대위의 금지#KOBLEX-116155",
    "자동차손해배상 보장법 10조  보험금등의 청구#KOBLEX-005277",
    "자동차손해배상 보장법 10조  보험금등의 청구#KOBLEX-220755"
  ],
  "errors": [],
  "answer": "갑이 병의 운전 실수로 사고를 당하여 을 보험회사로부터 보험금을 지급받은 경우, 을 보험회사는 상법 제682조에 따라 병에 대한 갑의 손해배상청구권을 대위하여 행사할 수 있습니다. 즉, 을 보험회사는 지급한 보험금의 한도 내에서 병에 대하여 갑이 가지는 권리를 취득하게 됩니다[CT1]. 다만, 상법 제729조에 따라 보험자는 원칙적으로 보험계약자 또는 보험수익자의 제3자에 대한 권리를 대위하여 행사하지 못하나, 상해보험계약의 경우 당사자 간 다른 약정이 있는 때에는 피보험자의 권리를 해하지 아니하는 범위 내에서 대위권을 행사할 수 있습니다[CT2].\n\n한편, 사고로 부상을 입은 동승자 정은 상법 제724조 제2항에 따라 피보험자 갑이 책임을 질 사고로 입은 손해에 대하여 보험금액의 한도 내에서 을 보험회사에 직접 보상을 청구할 수 있습니다[CT3]. 또한, 자동차손해배상 보장법 제10조 제1항에 따라 갑에게 손해배상책임이 발생한 경우 정은 을 보험회사에 상법 제724조 제2항에 따라 보험금을 직접 지급할 것을 청구할 수 있습니다[CT4]."
}

--- answer ---
갑이 병의 운전 실수로 사고를 당하여 을 보험회사로부터 보험금을 지급받은 경우, 을 보험회사는 상법 제682조에 따라 병에 대한 갑의 손해배상청구권을 대위하여 행사할 수 있습니다. 즉, 을 보험회사는 지급한 보험금의 한도 내에서 병에 대하여 갑이 가지는 권리를 취득하게 됩니다[CT1]. 다만, 상법 제729조에 따라 보험자는 원칙적으로 보험계약자 또는 보험수익자의 제3자에 대한 권리를 대위하여 행사하지 못하나, 상해보험계약의 경우 당사자 간 다른 약정이 있는 때에는 피보험자의 권리를 해하지 아니하는 범위 내에서 대위권을 행사할 수 있습니다[CT2].

한편, 사고로 부상을 입은 동승자 정은 상법 제724조 제2항에 따라 피보험자 갑이 책임을 질 사고로 입은 손해에 대하여 보험금액의 한도 내에서 을 보험회사에 직접 보상을 청구할 수 있습니다[CT3]. 또한, 자동차손해배상 보장법 제10조 제1항에 따라 갑에게 손해배상책임이 발생한 경우 정은 을 보험회사에 상법 제724조 제2항에 따라 보험금을 직접 지급할 것을 청구할 수 있습니다[CT4].
