{
  "status": "ANSWER",
  "record_directory": "/root/Legal Harness/records/runs/b2f2c53e-d732-428f-ad64-c953caa3e6fa",
  "record_result_file": "/root/Legal Harness/records/runs/b2f2c53e-d732-428f-ad64-c953caa3e6fa/result.json",
  "condition": "bm25-bge-factualbranch-01",
  "seed": 0,
  "question_id": "qa_83_2hop_325_rand",
  "termination_reason": "COMPLETED",
  "abstention_reason": null,
  "run_id": "b2f2c53e-d732-428f-ad64-c953caa3e6fa",
  "retrieval_rounds_used": 1,
  "accepted_provision_ids": [
    "선원법 46조  선원수첩의 발급 제한#KOBLEX-067333",
    "선원법 46조  선원수첩의 발급 제한#KOBLEX-067334"
  ],
  "errors": [],
  "answer": "해양항만관청은 병역의무 불이행자(병역법 제76조제1항 각 호에 해당하는 사람)에게 선원수첩을 발급하지 않을 수 있습니다. 이는 선원법 제46조 제1항 제2호에 따른 것입니다[CT1]. 또한, 해양항만관청은 선원수첩을 발급할 때 필요하다고 인정하면 유효기간을 정하여 발급할 수 있습니다. 이는 선원법 제46조 제2항에 따른 것입니다[CT2]."
}

--- answer ---
해양항만관청은 병역의무 불이행자(병역법 제76조제1항 각 호에 해당하는 사람)에게 선원수첩을 발급하지 않을 수 있습니다. 이는 선원법 제46조 제1항 제2호에 따른 것입니다[CT1]. 또한, 해양항만관청은 선원수첩을 발급할 때 필요하다고 인정하면 유효기간을 정하여 발급할 수 있습니다. 이는 선원법 제46조 제2항에 따른 것입니다[CT2].
