{
  "status": "ABSTAIN",
  "record_directory": "/root/Legal Harness/records/runs/e9680ba8-6003-41ce-9d71-aece3d2aff2c",
  "record_result_file": "/root/Legal Harness/records/runs/e9680ba8-6003-41ce-9d71-aece3d2aff2c/result.json",
  "condition": "bm25-bge-factualbranch-01",
  "seed": 0,
  "question_id": "qa_104_3hop_182",
  "termination_reason": "MAX_RETRIEVAL_ROUNDS_REACHED",
  "abstention_reason": "INSUFFICIENT_CRITICAL_EVIDENCE",
  "run_id": "e9680ba8-6003-41ce-9d71-aece3d2aff2c",
  "retrieval_rounds_used": 3,
  "accepted_provision_ids": [
    "군사법원법 380조  무죄의 판결#KOBLEX-093410",
    "군사법원법 380조  무죄의 판결#KOBLEX-159375",
    "독점규제 및 공정거래에 관한 법률 116조  법령에 따른 정당한 행위#KOBLEX-020990",
    "독점규제 및 공정거래에 관한 법률 116조  법령에 따른 정당한 행위#KOBLEX-039418"
  ],
  "errors": [],
  "answer": null
}
