{
  "status": "ABSTAIN",
  "record_directory": "/root/Legal Harness/records/runs/23873840-832d-4845-9eab-f1b2d451def3",
  "record_result_file": "/root/Legal Harness/records/runs/23873840-832d-4845-9eab-f1b2d451def3/result.json",
  "condition": "bm25-bge-factualbranch-01",
  "seed": 0,
  "question_id": "qa_321_3hop_511",
  "termination_reason": "MAX_RETRIEVAL_ROUNDS_REACHED",
  "abstention_reason": "INSUFFICIENT_CRITICAL_EVIDENCE",
  "run_id": "23873840-832d-4845-9eab-f1b2d451def3",
  "retrieval_rounds_used": 3,
  "accepted_provision_ids": [
    "민법 197조  점유의 태양#KOBLEX-058784",
    "민법 201조  점유자와 과실#KOBLEX-058792",
    "민법 748조  수익자의 반환범위#KOBLEX-059900",
    "민법 749조  수익자의 악의인정#KOBLEX-059902"
  ],
  "errors": [],
  "answer": null
}
